// Jest Snapshot v1, https://goo.gl/fbAQLP

exports[`Grid a11yTitle renders 1`] = `
.c0 {
  font-size: 18px;
  line-height: 24px;
  box-sizing: border-box;
  -webkit-text-size-adjust: 100%;
  -ms-text-size-adjust: 100%;
  -moz-osx-font-smoothing: grayscale;
  -webkit-font-smoothing: antialiased;
}

.c1 {
  display: grid;
  box-sizing: border-box;
}

<div>
  <div
    class="c0"
  >
    <div
      aria-label="My Grid"
      class="c1"
    />
  </div>
</div>
`;

exports[`Grid align renders 1`] = `
.c0 {
  font-size: 18px;
  line-height: 24px;
  box-sizing: border-box;
  -webkit-text-size-adjust: 100%;
  -ms-text-size-adjust: 100%;
  -moz-osx-font-smoothing: grayscale;
  -webkit-font-smoothing: antialiased;
}

.c1 {
  display: grid;
  box-sizing: border-box;
  -webkit-align-items: flex-start;
  -webkit-box-align: flex-start;
  -ms-flex-align: flex-start;
  align-items: flex-start;
}

.c2 {
  display: grid;
  box-sizing: border-box;
  -webkit-align-items: center;
  -webkit-box-align: center;
  -ms-flex-align: center;
  align-items: center;
}

.c3 {
  display: grid;
  box-sizing: border-box;
  -webkit-align-items: flex-end;
  -webkit-box-align: flex-end;
  -ms-flex-align: flex-end;
  align-items: flex-end;
}

.c4 {
  display: grid;
  box-sizing: border-box;
  -webkit-align-items: stretch;
  -webkit-box-align: stretch;
  -ms-flex-align: stretch;
  align-items: stretch;
}

<div
  className="c0"
>
  <div
    className="c1"
  />
  <div
    className="c2"
  />
  <div
    className="c3"
  />
  <div
    className="c4"
  />
</div>
`;

exports[`Grid alignContent renders 1`] = `
.c0 {
  font-size: 18px;
  line-height: 24px;
  box-sizing: border-box;
  -webkit-text-size-adjust: 100%;
  -ms-text-size-adjust: 100%;
  -moz-osx-font-smoothing: grayscale;
  -webkit-font-smoothing: antialiased;
}

.c1 {
  display: grid;
  box-sizing: border-box;
  -webkit-align-content: flex-start;
  -ms-flex-line-pack: start;
  align-content: flex-start;
}

.c2 {
  display: grid;
  box-sizing: border-box;
  -webkit-align-content: center;
  -ms-flex-line-pack: center;
  align-content: center;
}

.c3 {
  display: grid;
  box-sizing: border-box;
  -webkit-align-content: space-between;
  -ms-flex-line-pack: space-between;
  align-content: space-between;
}

.c4 {
  display: grid;
  box-sizing: border-box;
  -webkit-align-content: space-around;
  -ms-flex-line-pack: space-around;
  align-content: space-around;
}

.c5 {
  display: grid;
  box-sizing: border-box;
  -webkit-align-content: flex-end;
  -ms-flex-line-pack: end;
  align-content: flex-end;
}

.c6 {
  display: grid;
  box-sizing: border-box;
  -webkit-align-content: stretch;
  -ms-flex-line-pack: stretch;
  align-content: stretch;
}

<div
  className="c0"
>
  <div
    className="c1"
  />
  <div
    className="c2"
  />
  <div
    className="c3"
  />
  <div
    className="c4"
  />
  <div
    className="c5"
  />
  <div
    className="c6"
  />
</div>
`;

exports[`Grid areas renders 1`] = `
.c0 {
  font-size: 18px;
  line-height: 24px;
  box-sizing: border-box;
  -webkit-text-size-adjust: 100%;
  -ms-text-size-adjust: 100%;
  -moz-osx-font-smoothing: grayscale;
  -webkit-font-smoothing: antialiased;
}

.c1 {
  display: grid;
  box-sizing: border-box;
  grid-template-areas: "header main footer" "header sidebar footer" ". .";
  grid-template-columns: 75% 25%;
  grid-template-rows: 48px 384px 96px;
}

<div
  className="c0"
>
  <div
    className="c1"
  />
</div>
`;

exports[`Grid areas renders when given an array of string arrays 1`] = `
.c0 {
  font-size: 18px;
  line-height: 24px;
  box-sizing: border-box;
  -webkit-text-size-adjust: 100%;
  -ms-text-size-adjust: 100%;
  -moz-osx-font-smoothing: grayscale;
  -webkit-font-smoothing: antialiased;
}

.c1 {
  display: grid;
  box-sizing: border-box;
  grid-template-areas: "header header" "sidebar main" "footer footer";
  grid-template-columns: 75% 25%;
  grid-template-rows: 48px 384px 96px;
}

<div
  className="c0"
>
  <div
    className="c1"
  />
</div>
`;

exports[`Grid as renders 1`] = `
.c0 {
  font-size: 18px;
  line-height: 24px;
  box-sizing: border-box;
  -webkit-text-size-adjust: 100%;
  -ms-text-size-adjust: 100%;
  -moz-osx-font-smoothing: grayscale;
  -webkit-font-smoothing: antialiased;
}

.c1 {
  display: grid;
  box-sizing: border-box;
}

<div
  className="c0"
>
  <article
    className="c1"
  />
</div>
`;

exports[`Grid border 1`] = `
.c0 {
  font-size: 18px;
  line-height: 24px;
  box-sizing: border-box;
  -webkit-text-size-adjust: 100%;
  -ms-text-size-adjust: 100%;
  -moz-osx-font-smoothing: grayscale;
  -webkit-font-smoothing: antialiased;
}

.c1 {
  display: grid;
  box-sizing: border-box;
  border: solid 1px rgba(0,0,0,0.33);
}

.c2 {
  display: grid;
  box-sizing: border-box;
  border-top: solid 1px rgba(0,0,0,0.33);
  border-bottom: solid 1px rgba(0,0,0,0.33);
}

.c3 {
  display: grid;
  box-sizing: border-box;
  border-left: solid 1px rgba(0,0,0,0.33);
  border-right: solid 1px rgba(0,0,0,0.33);
}

.c4 {
  display: grid;
  box-sizing: border-box;
  border-top: solid 1px rgba(0,0,0,0.33);
}

.c5 {
  display: grid;
  box-sizing: border-box;
  border-left: solid 1px rgba(0,0,0,0.33);
}

.c6 {
  display: grid;
  box-sizing: border-box;
  border-bottom: solid 1px rgba(0,0,0,0.33);
}

.c7 {
  display: grid;
  box-sizing: border-box;
  border-right: solid 1px rgba(0,0,0,0.33);
}

.c8 {
  display: grid;
  box-sizing: border-box;
  border: solid 1px #6FFFB0;
}

.c9 {
  display: grid;
  box-sizing: border-box;
  border: solid 2px rgba(0,0,0,0.33);
}

.c10 {
  display: grid;
  box-sizing: border-box;
  border: solid 4px rgba(0,0,0,0.33);
}

.c11 {
  display: grid;
  box-sizing: border-box;
  border: solid 12px rgba(0,0,0,0.33);
}

.c12 {
  display: grid;
  box-sizing: border-box;
  border: solid 24px rgba(0,0,0,0.33);
}

.c13 {
  display: grid;
  box-sizing: border-box;
  border: dotted 1px rgba(0,0,0,0.33);
}

.c14 {
  display: grid;
  box-sizing: border-box;
  border: double 1px rgba(0,0,0,0.33);
}

.c15 {
  display: grid;
  box-sizing: border-box;
  border: dashed 1px rgba(0,0,0,0.33);
}

.c16 {
  display: grid;
  box-sizing: border-box;
  border-top: dotted 4px #6FFFB0;
  border-left: dashed 12px #FD6FFF;
}

@media only screen and (max-width:768px) {
  .c1 {
    border: solid 1px rgba(0,0,0,0.33);
  }
}

@media only screen and (max-width:768px) {
  .c2 {
    border-top: solid 1px rgba(0,0,0,0.33);
    border-bottom: solid 1px rgba(0,0,0,0.33);
  }
}

@media only screen and (max-width:768px) {
  .c3 {
    border-left: solid 1px rgba(0,0,0,0.33);
    border-right: solid 1px rgba(0,0,0,0.33);
  }
}

@media only screen and (max-width:768px) {
  .c4 {
    border-top: solid 1px rgba(0,0,0,0.33);
  }
}

@media only screen and (max-width:768px) {
  .c5 {
    border-left: solid 1px rgba(0,0,0,0.33);
  }
}

@media only screen and (max-width:768px) {
  .c6 {
    border-bottom: solid 1px rgba(0,0,0,0.33);
  }
}

@media only screen and (max-width:768px) {
  .c7 {
    border-right: solid 1px rgba(0,0,0,0.33);
  }
}

@media only screen and (max-width:768px) {
  .c8 {
    border: solid 1px #6FFFB0;
  }
}

@media only screen and (max-width:768px) {
  .c9 {
    border: solid 2px rgba(0,0,0,0.33);
  }
}

@media only screen and (max-width:768px) {
  .c10 {
    border: solid 4px rgba(0,0,0,0.33);
  }
}

@media only screen and (max-width:768px) {
  .c11 {
    border: solid 6px rgba(0,0,0,0.33);
  }
}

@media only screen and (max-width:768px) {
  .c12 {
    border: solid 12px rgba(0,0,0,0.33);
  }
}

@media only screen and (max-width:768px) {
  .c13 {
    border: dotted 1px rgba(0,0,0,0.33);
  }
}

@media only screen and (max-width:768px) {
  .c14 {
    border: double 1px rgba(0,0,0,0.33);
  }
}

@media only screen and (max-width:768px) {
  .c15 {
    border: dashed 1px rgba(0,0,0,0.33);
  }
}

@media only screen and (max-width:768px) {
  .c16 {
    border-top: dotted 4px #6FFFB0;
  }
}

@media only screen and (max-width:768px) {
  .c16 {
    border-left: dashed 6px #FD6FFF;
  }
}

<div
  className="c0"
>
  <div
    className="c1"
  />
  <div
    className="c2"
  />
  <div
    className="c3"
  />
  <div
    className="c4"
  />
  <div
    className="c5"
  />
  <div
    className="c6"
  />
  <div
    className="c7"
  />
  <div
    className="c8"
  />
  <div
    className="c1"
  />
  <div
    className="c1"
  />
  <div
    className="c9"
  />
  <div
    className="c10"
  />
  <div
    className="c11"
  />
  <div
    className="c12"
  />
  <div
    className="c13"
  />
  <div
    className="c14"
  />
  <div
    className="c15"
  />
  <div
    className="c16"
  />
</div>
`;

exports[`Grid columns renders 1`] = `
.c0 {
  font-size: 18px;
  line-height: 24px;
  box-sizing: border-box;
  -webkit-text-size-adjust: 100%;
  -ms-text-size-adjust: 100%;
  -moz-osx-font-smoothing: grayscale;
  -webkit-font-smoothing: antialiased;
}

.c1 {
  display: grid;
  box-sizing: border-box;
  grid-template-columns: 50% 50%;
}

.c2 {
  display: grid;
  box-sizing: border-box;
  grid-template-columns: 33.33% 66.66%;
}

.c3 {
  display: grid;
  box-sizing: border-box;
  grid-template-columns: 25% 75%;
}

.c4 {
  display: grid;
  box-sizing: border-box;
  grid-template-columns: minmax(50%,50%) 25% 75%;
}

.c5 {
  display: grid;
  box-sizing: border-box;
  grid-template-columns: repeat( auto-fill,minmax(min(192px,100%),1fr) );
}

.c6 {
  display: grid;
  box-sizing: border-box;
  grid-template-columns: repeat( auto-fill,1fr );
}

.c7 {
  display: grid;
  box-sizing: border-box;
  grid-template-columns: repeat( auto-fit,minmax(min(192px,100%),1fr) );
}

.c8 {
  display: grid;
  box-sizing: border-box;
  grid-template-columns: repeat( auto-fill,minmax(min(192px,100%),384px) );
}

<div
  className="c0"
>
  <div
    className="c1"
  />
  <div
    className="c2"
  />
  <div
    className="c3"
  />
  <div
    className="c4"
  />
  <div
    className="c5"
  />
  <div
    className="c6"
  />
  <div
    className="c7"
  />
  <div
    className="c8"
  />
</div>
`;

exports[`Grid fill renders 1`] = `
.c0 {
  font-size: 18px;
  line-height: 24px;
  box-sizing: border-box;
  -webkit-text-size-adjust: 100%;
  -ms-text-size-adjust: 100%;
  -moz-osx-font-smoothing: grayscale;
  -webkit-font-smoothing: antialiased;
}

.c1 {
  display: grid;
  box-sizing: border-box;
  width: 100%;
  height: 100%;
}

.c2 {
  display: grid;
  box-sizing: border-box;
}

.c3 {
  display: grid;
  box-sizing: border-box;
  width: 100%;
}

.c4 {
  display: grid;
  box-sizing: border-box;
  height: 100%;
}

<div
  className="c0"
>
  <div
    className="c1"
  />
  <div
    className="c2"
  />
  <div
    className="c3"
  />
  <div
    className="c4"
  />
</div>
`;

exports[`Grid gap renders 1`] = `
.c0 {
  font-size: 18px;
  line-height: 24px;
  box-sizing: border-box;
  -webkit-text-size-adjust: 100%;
  -ms-text-size-adjust: 100%;
  -moz-osx-font-smoothing: grayscale;
  -webkit-font-smoothing: antialiased;
}

.c1 {
  display: grid;
  box-sizing: border-box;
  grid-gap: 12px 12px;
}

.c2 {
  display: grid;
  box-sizing: border-box;
  grid-gap: 24px 24px;
}

.c3 {
  display: grid;
  box-sizing: border-box;
  grid-gap: 48px 48px;
}

.c4 {
  display: grid;
  box-sizing: border-box;
  grid-row-gap: 12px;
}

.c5 {
  display: grid;
  box-sizing: border-box;
  grid-row-gap: 24px;
}

.c6 {
  display: grid;
  box-sizing: border-box;
  grid-row-gap: 48px;
}

.c7 {
  display: grid;
  box-sizing: border-box;
  grid-column-gap: 12px;
}

.c8 {
  display: grid;
  box-sizing: border-box;
  grid-column-gap: 24px;
}

.c9 {
  display: grid;
  box-sizing: border-box;
  grid-column-gap: 48px;
}

.c10 {
  display: grid;
  box-sizing: border-box;
  grid-row-gap: 12px;
  grid-column-gap: 24px;
}

.c11 {
  display: grid;
  box-sizing: border-box;
}

<div
  className="c0"
>
  <div
    className="c1"
  />
  <div
    className="c2"
  />
  <div
    className="c3"
  />
  <div
    className="c4"
  />
  <div
    className="c5"
  />
  <div
    className="c6"
  />
  <div
    className="c7"
  />
  <div
    className="c8"
  />
  <div
    className="c9"
  />
  <div
    className="c10"
  />
  <div
    className="c11"
  />
</div>
`;

exports[`Grid justify renders 1`] = `
.c0 {
  font-size: 18px;
  line-height: 24px;
  box-sizing: border-box;
  -webkit-text-size-adjust: 100%;
  -ms-text-size-adjust: 100%;
  -moz-osx-font-smoothing: grayscale;
  -webkit-font-smoothing: antialiased;
}

.c1 {
  display: grid;
  box-sizing: border-box;
  justify-items: flex-start;
}

.c2 {
  display: grid;
  box-sizing: border-box;
  justify-items: center;
}

.c3 {
  display: grid;
  box-sizing: border-box;
  justify-items: flex-end;
}

.c4 {
  display: grid;
  box-sizing: border-box;
  justify-items: stretch;
}

<div
  className="c0"
>
  <div
    className="c1"
  />
  <div
    className="c2"
  />
  <div
    className="c3"
  />
  <div
    className="c4"
  />
</div>
`;

exports[`Grid justifyContent renders 1`] = `
.c0 {
  font-size: 18px;
  line-height: 24px;
  box-sizing: border-box;
  -webkit-text-size-adjust: 100%;
  -ms-text-size-adjust: 100%;
  -moz-osx-font-smoothing: grayscale;
  -webkit-font-smoothing: antialiased;
}

.c1 {
  display: grid;
  box-sizing: border-box;
  -webkit-box-pack: start;
  -webkit-justify-content: flex-start;
  -ms-flex-pack: start;
  justify-content: flex-start;
}

.c2 {
  display: grid;
  box-sizing: border-box;
  -webkit-box-pack: center;
  -webkit-justify-content: center;
  -ms-flex-pack: center;
  justify-content: center;
}

.c3 {
  display: grid;
  box-sizing: border-box;
  -webkit-box-pack: justify;
  -webkit-justify-content: space-between;
  -ms-flex-pack: justify;
  justify-content: space-between;
}

.c4 {
  display: grid;
  box-sizing: border-box;
  -webkit-box-pack: space-around;
  -webkit-justify-content: space-around;
  -ms-flex-pack: space-around;
  justify-content: space-around;
}

.c5 {
  display: grid;
  box-sizing: border-box;
  -webkit-box-pack: end;
  -webkit-justify-content: flex-end;
  -ms-flex-pack: end;
  justify-content: flex-end;
}

.c6 {
  display: grid;
  box-sizing: border-box;
  -webkit-box-pack: stretch;
  -webkit-justify-content: stretch;
  -ms-flex-pack: stretch;
  justify-content: stretch;
}

<div
  className="c0"
>
  <div
    className="c1"
  />
  <div
    className="c2"
  />
  <div
    className="c3"
  />
  <div
    className="c4"
  />
  <div
    className="c5"
  />
  <div
    className="c6"
  />
</div>
`;

exports[`Grid pad 1`] = `
.c0 {
  font-size: 18px;
  line-height: 24px;
  box-sizing: border-box;
  -webkit-text-size-adjust: 100%;
  -ms-text-size-adjust: 100%;
  -moz-osx-font-smoothing: grayscale;
  -webkit-font-smoothing: antialiased;
}

.c1 {
  display: grid;
  box-sizing: border-box;
  padding: 12px;
}

.c2 {
  display: grid;
  box-sizing: border-box;
  padding: 24px;
}

.c3 {
  display: grid;
  box-sizing: border-box;
  padding: 48px;
}

.c4 {
  display: grid;
  box-sizing: border-box;
  padding-left: 12px;
  padding-right: 12px;
}

.c5 {
  display: grid;
  box-sizing: border-box;
  padding-top: 12px;
  padding-bottom: 12px;
}

.c6 {
  display: grid;
  box-sizing: border-box;
  padding-bottom: 12px;
}

.c7 {
  display: grid;
  box-sizing: border-box;
  padding-left: 12px;
}

.c8 {
  display: grid;
  box-sizing: border-box;
  padding-right: 12px;
}

.c9 {
  display: grid;
  box-sizing: border-box;
  padding-inline-start: 12px;
}

.c10 {
  display: grid;
  box-sizing: border-box;
  padding-inline-end: 12px;
}

.c11 {
  display: grid;
  box-sizing: border-box;
  padding-top: 12px;
}

@media only screen and (max-width:768px) {
  .c1 {
    padding: 6px;
  }
}

@media only screen and (max-width:768px) {
  .c2 {
    padding: 12px;
  }
}

@media only screen and (max-width:768px) {
  .c3 {
    padding: 24px;
  }
}

@media only screen and (max-width:768px) {
  .c4 {
    padding-left: 6px;
    padding-right: 6px;
  }
}

@media only screen and (max-width:768px) {
  .c5 {
    padding-top: 6px;
    padding-bottom: 6px;
  }
}

@media only screen and (max-width:768px) {
  .c6 {
    padding-bottom: 6px;
  }
}

@media only screen and (max-width:768px) {
  .c7 {
    padding-left: 6px;
  }
}

@media only screen and (max-width:768px) {
  .c8 {
    padding-right: 6px;
  }
}

@media only screen and (max-width:768px) {
  .c9 {
    padding-inline-start: 6px;
  }
}

@media only screen and (max-width:768px) {
  .c10 {
    padding-inline-end: 6px;
  }
}

@media only screen and (max-width:768px) {
  .c11 {
    padding-top: 6px;
  }
}

<div
  className="c0"
>
  <div
    className="c1"
  />
  <div
    className="c2"
  />
  <div
    className="c3"
  />
  <div
    className="c4"
  />
  <div
    className="c5"
  />
  <div
    className="c6"
  />
  <div
    className="c7"
  />
  <div
    className="c8"
  />
  <div
    className="c9"
  />
  <div
    className="c10"
  />
  <div
    className="c11"
  />
</div>
`;

exports[`Grid renders 1`] = `
.c0 {
  font-size: 18px;
  line-height: 24px;
  box-sizing: border-box;
  -webkit-text-size-adjust: 100%;
  -ms-text-size-adjust: 100%;
  -moz-osx-font-smoothing: grayscale;
  -webkit-font-smoothing: antialiased;
}

.c1 {
  display: grid;
  box-sizing: border-box;
}

<div
  className="c0"
>
  <div
    className="c1"
  />
</div>
`;

exports[`Grid responsive 1`] = `
.c0 {
  font-size: 18px;
  line-height: 24px;
  box-sizing: border-box;
  -webkit-text-size-adjust: 100%;
  -ms-text-size-adjust: 100%;
  -moz-osx-font-smoothing: grayscale;
  -webkit-font-smoothing: antialiased;
}

.c1 {
  display: grid;
  box-sizing: border-box;
}

<div
  className="c0"
>
  <div
    className="c1"
  />
  <div
    className="c1"
  />
</div>
`;

exports[`Grid rows renders 1`] = `
.c0 {
  font-size: 18px;
  line-height: 24px;
  box-sizing: border-box;
  -webkit-text-size-adjust: 100%;
  -ms-text-size-adjust: 100%;
  -moz-osx-font-smoothing: grayscale;
  -webkit-font-smoothing: antialiased;
}

.c1 {
  display: grid;
  box-sizing: border-box;
  grid-template-rows: minmax(192px,384px) 768px 384px;
}

.c2 {
  display: grid;
  box-sizing: border-box;
  grid-template-rows: 192px 768px 384px;
}

.c3 {
  display: grid;
  box-sizing: border-box;
  grid-auto-rows: 192px;
}

<div
  className="c0"
>
  <div
    className="c1"
  />
  <div
    className="c2"
  />
  <div
    className="c3"
  />
</div>
`;

exports[`Grid rows renders with warning 1`] = `
.c0 {
  font-size: 18px;
  line-height: 24px;
  box-sizing: border-box;
  -webkit-text-size-adjust: 100%;
  -ms-text-size-adjust: 100%;
  -moz-osx-font-smoothing: grayscale;
  -webkit-font-smoothing: antialiased;
}

.c1 {
  display: grid;
  box-sizing: border-box;
  grid-template-rows: 1fr;
}

<div
  className="c0"
>
  <div
    className="c1"
  />
</div>
`;
