// Jest Snapshot v1, https://goo.gl/fbAQLP

exports[`TextArea Event tests onFocus 1`] = `
.c0 {
  font-size: 18px;
  line-height: 24px;
  box-sizing: border-box;
  -webkit-text-size-adjust: 100%;
  -ms-text-size-adjust: 100%;
  -moz-osx-font-smoothing: grayscale;
  -webkit-font-smoothing: antialiased;
}

.c1 {
  box-sizing: border-box;
  font-size: inherit;
  font-family: inherit;
  border: none;
  -webkit-appearance: none;
  background: transparent;
  color: inherit;
  width: 100%;
  padding: 11px;
  font-weight: 600;
  margin: 0;
  outline: none;
  box-shadow: 0 0 2px 2px #6FFFB0;
  border: 1px solid rgba(0,0,0,0.33);
  border-radius: 4px;
}

.c1 > circle,
.c1 > ellipse,
.c1 > line,
.c1 > path,
.c1 > polygon,
.c1 > polyline,
.c1 > rect {
  outline: none;
  box-shadow: 0 0 2px 2px #6FFFB0;
}

.c1::-moz-focus-inner {
  border: 0;
}

.c1::-webkit-input-placeholder {
  color: #AAAAAA;
}

.c1::-moz-placeholder {
  color: #AAAAAA;
}

.c1:-ms-input-placeholder {
  color: #AAAAAA;
}

.c1::-webkit-search-decoration {
  -webkit-appearance: none;
}

.c1::-moz-focus-inner {
  border: none;
  outline: none;
}

.c1:-moz-placeholder,
.c1::-moz-placeholder {
  opacity: 1;
}

<div
  class="c0"
>
  <textarea
    class="c1"
    name="item"
    placeholder="item"
  />
</div>
`;

exports[`TextArea basic 1`] = `
.c0 {
  font-size: 18px;
  line-height: 24px;
  box-sizing: border-box;
  -webkit-text-size-adjust: 100%;
  -ms-text-size-adjust: 100%;
  -moz-osx-font-smoothing: grayscale;
  -webkit-font-smoothing: antialiased;
}

.c1 {
  box-sizing: border-box;
  font-size: inherit;
  font-family: inherit;
  border: none;
  -webkit-appearance: none;
  background: transparent;
  color: inherit;
  width: 100%;
  padding: 11px;
  font-weight: 600;
  margin: 0;
  border: 1px solid rgba(0,0,0,0.33);
  border-radius: 4px;
}

.c1::-webkit-input-placeholder {
  color: #AAAAAA;
}

.c1::-moz-placeholder {
  color: #AAAAAA;
}

.c1:-ms-input-placeholder {
  color: #AAAAAA;
}

.c1::-webkit-search-decoration {
  -webkit-appearance: none;
}

.c1::-moz-focus-inner {
  border: none;
  outline: none;
}

.c1:-moz-placeholder,
.c1::-moz-placeholder {
  opacity: 1;
}

<div
  className="c0"
>
  <textarea
    className="c1"
    id="item"
    name="item"
    onBlur={[Function]}
    onChange={[Function]}
    onFocus={[Function]}
    onKeyDown={[Function]}
  />
</div>
`;

exports[`TextArea disabled 1`] = `
.c0 {
  font-size: 18px;
  line-height: 24px;
  box-sizing: border-box;
  -webkit-text-size-adjust: 100%;
  -ms-text-size-adjust: 100%;
  -moz-osx-font-smoothing: grayscale;
  -webkit-font-smoothing: antialiased;
}

.c1 {
  box-sizing: border-box;
  font-size: inherit;
  font-family: inherit;
  border: none;
  -webkit-appearance: none;
  background: transparent;
  color: inherit;
  width: 100%;
  padding: 11px;
  font-weight: 600;
  margin: 0;
  border: 1px solid rgba(0,0,0,0.33);
  border-radius: 4px;
  outline: none;
  border: none;
  width: 100%;
  -webkit-appearance: none;
  opacity: 0.3;
  cursor: default;
}

.c1::-webkit-input-placeholder {
  color: #AAAAAA;
}

.c1::-moz-placeholder {
  color: #AAAAAA;
}

.c1:-ms-input-placeholder {
  color: #AAAAAA;
}

.c1::-webkit-search-decoration {
  -webkit-appearance: none;
}

.c1::-moz-focus-inner {
  border: none;
  outline: none;
}

.c1:-moz-placeholder,
.c1::-moz-placeholder {
  opacity: 1;
}

<div
  className="c0"
>
  <textarea
    className="c1"
    disabled={true}
    id="item"
    name="item"
    onBlur={[Function]}
    onChange={[Function]}
    onFocus={[Function]}
    onKeyDown={[Function]}
  />
</div>
`;

exports[`TextArea fill 1`] = `
.c0 {
  font-size: 18px;
  line-height: 24px;
  box-sizing: border-box;
  -webkit-text-size-adjust: 100%;
  -ms-text-size-adjust: 100%;
  -moz-osx-font-smoothing: grayscale;
  -webkit-font-smoothing: antialiased;
}

.c1 {
  box-sizing: border-box;
  font-size: inherit;
  font-family: inherit;
  border: none;
  -webkit-appearance: none;
  background: transparent;
  color: inherit;
  width: 100%;
  padding: 11px;
  font-weight: 600;
  margin: 0;
  border: 1px solid rgba(0,0,0,0.33);
  border-radius: 4px;
  height: 100%;
}

.c1::-webkit-input-placeholder {
  color: #AAAAAA;
}

.c1::-moz-placeholder {
  color: #AAAAAA;
}

.c1:-ms-input-placeholder {
  color: #AAAAAA;
}

.c1::-webkit-search-decoration {
  -webkit-appearance: none;
}

.c1::-moz-focus-inner {
  border: none;
  outline: none;
}

.c1:-moz-placeholder,
.c1::-moz-placeholder {
  opacity: 1;
}

<div
  className="c0"
>
  <textarea
    className="c1"
    id="item"
    name="item"
    onBlur={[Function]}
    onChange={[Function]}
    onFocus={[Function]}
    onKeyDown={[Function]}
  />
</div>
`;

exports[`TextArea focusIndicator 1`] = `
.c0 {
  font-size: 18px;
  line-height: 24px;
  box-sizing: border-box;
  -webkit-text-size-adjust: 100%;
  -ms-text-size-adjust: 100%;
  -moz-osx-font-smoothing: grayscale;
  -webkit-font-smoothing: antialiased;
}

.c1 {
  box-sizing: border-box;
  font-size: inherit;
  font-family: inherit;
  border: none;
  -webkit-appearance: none;
  background: transparent;
  color: inherit;
  width: 100%;
  padding: 11px;
  font-weight: 600;
  margin: 0;
  border: 1px solid rgba(0,0,0,0.33);
  border-radius: 4px;
}

.c1::-webkit-input-placeholder {
  color: #AAAAAA;
}

.c1::-moz-placeholder {
  color: #AAAAAA;
}

.c1:-ms-input-placeholder {
  color: #AAAAAA;
}

.c1::-webkit-search-decoration {
  -webkit-appearance: none;
}

.c1::-moz-focus-inner {
  border: none;
  outline: none;
}

.c1:-moz-placeholder,
.c1::-moz-placeholder {
  opacity: 1;
}

<div
  className="c0"
>
  <textarea
    className="c1"
    id="item"
    name="item"
    onBlur={[Function]}
    onChange={[Function]}
    onFocus={[Function]}
    onKeyDown={[Function]}
  />
</div>
`;

exports[`TextArea placeholder 1`] = `
.c0 {
  font-size: 18px;
  line-height: 24px;
  box-sizing: border-box;
  -webkit-text-size-adjust: 100%;
  -ms-text-size-adjust: 100%;
  -moz-osx-font-smoothing: grayscale;
  -webkit-font-smoothing: antialiased;
}

.c1 {
  box-sizing: border-box;
  font-size: inherit;
  font-family: inherit;
  border: none;
  -webkit-appearance: none;
  background: transparent;
  color: inherit;
  width: 100%;
  padding: 11px;
  font-weight: 600;
  margin: 0;
  border: 1px solid rgba(0,0,0,0.33);
  border-radius: 4px;
}

.c1::-webkit-input-placeholder {
  color: #AAAAAA;
}

.c1::-moz-placeholder {
  color: #AAAAAA;
}

.c1:-ms-input-placeholder {
  color: #AAAAAA;
}

.c1::-webkit-search-decoration {
  -webkit-appearance: none;
}

.c1::-moz-focus-inner {
  border: none;
  outline: none;
}

.c1:-moz-placeholder,
.c1::-moz-placeholder {
  opacity: 1;
}

<div
  className="c0"
>
  <textarea
    className="c1"
    id="item"
    name="item"
    onBlur={[Function]}
    onChange={[Function]}
    onFocus={[Function]}
    onKeyDown={[Function]}
    placeholder="placeholder"
  />
</div>
`;

exports[`TextArea plain 1`] = `
.c0 {
  font-size: 18px;
  line-height: 24px;
  box-sizing: border-box;
  -webkit-text-size-adjust: 100%;
  -ms-text-size-adjust: 100%;
  -moz-osx-font-smoothing: grayscale;
  -webkit-font-smoothing: antialiased;
}

.c1 {
  box-sizing: border-box;
  font-size: inherit;
  font-family: inherit;
  border: none;
  -webkit-appearance: none;
  background: transparent;
  color: inherit;
  width: 100%;
  padding: 11px;
  font-weight: 600;
  margin: 0;
  border: 1px solid rgba(0,0,0,0.33);
  border-radius: 4px;
  outline: none;
  border: none;
  width: 100%;
  -webkit-appearance: none;
}

.c1::-webkit-input-placeholder {
  color: #AAAAAA;
}

.c1::-moz-placeholder {
  color: #AAAAAA;
}

.c1:-ms-input-placeholder {
  color: #AAAAAA;
}

.c1::-webkit-search-decoration {
  -webkit-appearance: none;
}

.c1::-moz-focus-inner {
  border: none;
  outline: none;
}

.c1:-moz-placeholder,
.c1::-moz-placeholder {
  opacity: 1;
}

<div
  className="c0"
>
  <textarea
    className="c1"
    id="item"
    name="item"
    onBlur={[Function]}
    onChange={[Function]}
    onFocus={[Function]}
    onKeyDown={[Function]}
  />
</div>
`;

exports[`TextArea resize false 1`] = `
.c0 {
  font-size: 18px;
  line-height: 24px;
  box-sizing: border-box;
  -webkit-text-size-adjust: 100%;
  -ms-text-size-adjust: 100%;
  -moz-osx-font-smoothing: grayscale;
  -webkit-font-smoothing: antialiased;
}

.c1 {
  box-sizing: border-box;
  font-size: inherit;
  font-family: inherit;
  border: none;
  -webkit-appearance: none;
  background: transparent;
  color: inherit;
  width: 100%;
  padding: 11px;
  font-weight: 600;
  margin: 0;
  border: 1px solid rgba(0,0,0,0.33);
  border-radius: 4px;
  resize: none;
}

.c1::-webkit-input-placeholder {
  color: #AAAAAA;
}

.c1::-moz-placeholder {
  color: #AAAAAA;
}

.c1:-ms-input-placeholder {
  color: #AAAAAA;
}

.c1::-webkit-search-decoration {
  -webkit-appearance: none;
}

.c1::-moz-focus-inner {
  border: none;
  outline: none;
}

.c1:-moz-placeholder,
.c1::-moz-placeholder {
  opacity: 1;
}

<div
  className="c0"
>
  <textarea
    className="c1"
    id="item"
    name="item"
    onBlur={[Function]}
    onChange={[Function]}
    onFocus={[Function]}
    onKeyDown={[Function]}
  />
</div>
`;

exports[`TextArea resize horizontal 1`] = `
.c0 {
  font-size: 18px;
  line-height: 24px;
  box-sizing: border-box;
  -webkit-text-size-adjust: 100%;
  -ms-text-size-adjust: 100%;
  -moz-osx-font-smoothing: grayscale;
  -webkit-font-smoothing: antialiased;
}

.c1 {
  box-sizing: border-box;
  font-size: inherit;
  font-family: inherit;
  border: none;
  -webkit-appearance: none;
  background: transparent;
  color: inherit;
  width: 100%;
  padding: 11px;
  font-weight: 600;
  margin: 0;
  border: 1px solid rgba(0,0,0,0.33);
  border-radius: 4px;
  resize: horizontal;
}

.c1::-webkit-input-placeholder {
  color: #AAAAAA;
}

.c1::-moz-placeholder {
  color: #AAAAAA;
}

.c1:-ms-input-placeholder {
  color: #AAAAAA;
}

.c1::-webkit-search-decoration {
  -webkit-appearance: none;
}

.c1::-moz-focus-inner {
  border: none;
  outline: none;
}

.c1:-moz-placeholder,
.c1::-moz-placeholder {
  opacity: 1;
}

<div
  className="c0"
>
  <textarea
    className="c1"
    id="item"
    name="item"
    onBlur={[Function]}
    onChange={[Function]}
    onFocus={[Function]}
    onKeyDown={[Function]}
  />
</div>
`;

exports[`TextArea resize true 1`] = `
.c0 {
  font-size: 18px;
  line-height: 24px;
  box-sizing: border-box;
  -webkit-text-size-adjust: 100%;
  -ms-text-size-adjust: 100%;
  -moz-osx-font-smoothing: grayscale;
  -webkit-font-smoothing: antialiased;
}

.c1 {
  box-sizing: border-box;
  font-size: inherit;
  font-family: inherit;
  border: none;
  -webkit-appearance: none;
  background: transparent;
  color: inherit;
  width: 100%;
  padding: 11px;
  font-weight: 600;
  margin: 0;
  border: 1px solid rgba(0,0,0,0.33);
  border-radius: 4px;
  resize: both;
}

.c1::-webkit-input-placeholder {
  color: #AAAAAA;
}

.c1::-moz-placeholder {
  color: #AAAAAA;
}

.c1:-ms-input-placeholder {
  color: #AAAAAA;
}

.c1::-webkit-search-decoration {
  -webkit-appearance: none;
}

.c1::-moz-focus-inner {
  border: none;
  outline: none;
}

.c1:-moz-placeholder,
.c1::-moz-placeholder {
  opacity: 1;
}

<div
  className="c0"
>
  <textarea
    className="c1"
    id="item"
    name="item"
    onBlur={[Function]}
    onChange={[Function]}
    onFocus={[Function]}
    onKeyDown={[Function]}
  />
</div>
`;

exports[`TextArea resize vertical 1`] = `
.c0 {
  font-size: 18px;
  line-height: 24px;
  box-sizing: border-box;
  -webkit-text-size-adjust: 100%;
  -ms-text-size-adjust: 100%;
  -moz-osx-font-smoothing: grayscale;
  -webkit-font-smoothing: antialiased;
}

.c1 {
  box-sizing: border-box;
  font-size: inherit;
  font-family: inherit;
  border: none;
  -webkit-appearance: none;
  background: transparent;
  color: inherit;
  width: 100%;
  padding: 11px;
  font-weight: 600;
  margin: 0;
  border: 1px solid rgba(0,0,0,0.33);
  border-radius: 4px;
  resize: vertical;
}

.c1::-webkit-input-placeholder {
  color: #AAAAAA;
}

.c1::-moz-placeholder {
  color: #AAAAAA;
}

.c1:-ms-input-placeholder {
  color: #AAAAAA;
}

.c1::-webkit-search-decoration {
  -webkit-appearance: none;
}

.c1::-moz-focus-inner {
  border: none;
  outline: none;
}

.c1:-moz-placeholder,
.c1::-moz-placeholder {
  opacity: 1;
}

<div
  className="c0"
>
  <textarea
    className="c1"
    id="item"
    name="item"
    onBlur={[Function]}
    onChange={[Function]}
    onFocus={[Function]}
    onKeyDown={[Function]}
  />
</div>
`;

exports[`TextArea size large 1`] = `
.c0 {
  font-size: 18px;
  line-height: 24px;
  box-sizing: border-box;
  -webkit-text-size-adjust: 100%;
  -ms-text-size-adjust: 100%;
  -moz-osx-font-smoothing: grayscale;
  -webkit-font-smoothing: antialiased;
}

.c1 {
  box-sizing: border-box;
  font-size: inherit;
  font-family: inherit;
  border: none;
  -webkit-appearance: none;
  background: transparent;
  color: inherit;
  width: 100%;
  padding: 11px;
  font-weight: 600;
  margin: 0;
  font-size: 22px;
  line-height: 28px;
  border: 1px solid rgba(0,0,0,0.33);
  border-radius: 4px;
}

.c1::-webkit-input-placeholder {
  color: #AAAAAA;
}

.c1::-moz-placeholder {
  color: #AAAAAA;
}

.c1:-ms-input-placeholder {
  color: #AAAAAA;
}

.c1::-webkit-search-decoration {
  -webkit-appearance: none;
}

.c1::-moz-focus-inner {
  border: none;
  outline: none;
}

.c1:-moz-placeholder,
.c1::-moz-placeholder {
  opacity: 1;
}

<div
  className="c0"
>
  <textarea
    className="c1"
    id="item"
    name="item"
    onBlur={[Function]}
    onChange={[Function]}
    onFocus={[Function]}
    onKeyDown={[Function]}
    size="large"
  />
</div>
`;

exports[`TextArea size medium 1`] = `
.c0 {
  font-size: 18px;
  line-height: 24px;
  box-sizing: border-box;
  -webkit-text-size-adjust: 100%;
  -ms-text-size-adjust: 100%;
  -moz-osx-font-smoothing: grayscale;
  -webkit-font-smoothing: antialiased;
}

.c1 {
  box-sizing: border-box;
  font-size: inherit;
  font-family: inherit;
  border: none;
  -webkit-appearance: none;
  background: transparent;
  color: inherit;
  width: 100%;
  padding: 11px;
  font-weight: 600;
  margin: 0;
  font-size: 18px;
  line-height: 24px;
  border: 1px solid rgba(0,0,0,0.33);
  border-radius: 4px;
}

.c1::-webkit-input-placeholder {
  color: #AAAAAA;
}

.c1::-moz-placeholder {
  color: #AAAAAA;
}

.c1:-ms-input-placeholder {
  color: #AAAAAA;
}

.c1::-webkit-search-decoration {
  -webkit-appearance: none;
}

.c1::-moz-focus-inner {
  border: none;
  outline: none;
}

.c1:-moz-placeholder,
.c1::-moz-placeholder {
  opacity: 1;
}

<div
  className="c0"
>
  <textarea
    className="c1"
    id="item"
    name="item"
    onBlur={[Function]}
    onChange={[Function]}
    onFocus={[Function]}
    onKeyDown={[Function]}
    size="medium"
  />
</div>
`;

exports[`TextArea size small 1`] = `
.c0 {
  font-size: 18px;
  line-height: 24px;
  box-sizing: border-box;
  -webkit-text-size-adjust: 100%;
  -ms-text-size-adjust: 100%;
  -moz-osx-font-smoothing: grayscale;
  -webkit-font-smoothing: antialiased;
}

.c1 {
  box-sizing: border-box;
  font-size: inherit;
  font-family: inherit;
  border: none;
  -webkit-appearance: none;
  background: transparent;
  color: inherit;
  width: 100%;
  padding: 11px;
  font-weight: 600;
  margin: 0;
  font-size: 14px;
  line-height: 20px;
  border: 1px solid rgba(0,0,0,0.33);
  border-radius: 4px;
}

.c1::-webkit-input-placeholder {
  color: #AAAAAA;
}

.c1::-moz-placeholder {
  color: #AAAAAA;
}

.c1:-ms-input-placeholder {
  color: #AAAAAA;
}

.c1::-webkit-search-decoration {
  -webkit-appearance: none;
}

.c1::-moz-focus-inner {
  border: none;
  outline: none;
}

.c1:-moz-placeholder,
.c1::-moz-placeholder {
  opacity: 1;
}

<div
  className="c0"
>
  <textarea
    className="c1"
    id="item"
    name="item"
    onBlur={[Function]}
    onChange={[Function]}
    onFocus={[Function]}
    onKeyDown={[Function]}
    size="small"
  />
</div>
`;
