// Jest Snapshot v1, https://goo.gl/fbAQLP

exports[`Grommet announce 1`] = `
.c0 {
  font-size: 18px;
  line-height: 24px;
  box-sizing: border-box;
  -webkit-text-size-adjust: 100%;
  -ms-text-size-adjust: 100%;
  -moz-osx-font-smoothing: grayscale;
  -webkit-font-smoothing: antialiased;
}

<div
  class="c0"
>
  <div>
    hi
  </div>
</div>
`;

exports[`Grommet announce 2`] = `
<div
  aria-live="assertive"
  id="grommet-announcer"
  style="left: -100%; right: 100%; position: fixed; z-index: -1;"
>
  hello
</div>
`;

exports[`Grommet announce 3`] = `
<div
  aria-live="assertive"
  id="grommet-announcer"
  style="left: -100%; right: 100%; position: fixed; z-index: -1;"
/>
`;

exports[`Grommet background 1`] = `
.c0 {
  font-size: 18px;
  line-height: 24px;
  background-color: #0000ff;
  color: #f8f8f8;
  box-sizing: border-box;
  -webkit-text-size-adjust: 100%;
  -ms-text-size-adjust: 100%;
  -moz-osx-font-smoothing: grayscale;
  -webkit-font-smoothing: antialiased;
  width: 100vw;
  height: 100vh;
  overflow: auto;
}

<div
  className="c0"
>
  Grommet App
</div>
`;

exports[`Grommet basic 1`] = `
.c0 {
  font-size: 18px;
  line-height: 24px;
  box-sizing: border-box;
  -webkit-text-size-adjust: 100%;
  -ms-text-size-adjust: 100%;
  -moz-osx-font-smoothing: grayscale;
  -webkit-font-smoothing: antialiased;
}

<div
  className="c0"
/>
`;

exports[`Grommet cssVars 1`] = `
.c0 {
  font-size: 18px;
  line-height: 24px;
  box-sizing: border-box;
  -webkit-text-size-adjust: 100%;
  -ms-text-size-adjust: 100%;
  -moz-osx-font-smoothing: grayscale;
  -webkit-font-smoothing: antialiased;
  --active: rgba(221,221,221,0.5);
  --active-background: background-contrast;
  --active-text: text-strong;
  --black: #000000;
  --brand: #7D4CDB;
  --focus: #6FFFB0;
  --graph-0: accent-1;
  --graph-1: neutral-1;
  --graph-2: neutral-2;
  --graph-3: neutral-3;
  --graph-4: neutral-4;
  --placeholder: #AAAAAA;
  --selected: brand;
  --selected-background: brand;
  --selected-text: text-strong;
  --white: #FFFFFF;
  --accent-1: #6FFFB0;
  --accent-2: #FD6FFF;
  --accent-3: #81FCED;
  --accent-4: #FFCA58;
  --dark-1: #333333;
  --dark-2: #555555;
  --dark-3: #777777;
  --dark-4: #999999;
  --dark-5: #999999;
  --dark-6: #999999;
  --light-1: #F8F8F8;
  --light-2: #F2F2F2;
  --light-3: #EDEDED;
  --light-4: #DADADA;
  --light-5: #DADADA;
  --light-6: #DADADA;
  --neutral-1: #00873D;
  --neutral-2: #3D138D;
  --neutral-3: #00739D;
  --neutral-4: #A2423D;
  --status-critical: #FF4040;
  --status-error: #FF4040;
  --status-warning: #FFAA15;
  --status-ok: #00C781;
  --status-unknown: #CCCCCC;
  --status-disabled: #CCCCCC;
}

<div
  className="c0"
>
  Grommet App
</div>
`;

exports[`Grommet full 1`] = `
.c0 {
  font-size: 18px;
  line-height: 24px;
  box-sizing: border-box;
  -webkit-text-size-adjust: 100%;
  -ms-text-size-adjust: 100%;
  -moz-osx-font-smoothing: grayscale;
  -webkit-font-smoothing: antialiased;
  width: 100vw;
  height: 100vh;
  overflow: auto;
}

<div
  className="c0"
>
  Grommet App
</div>
`;

exports[`Grommet grommet theme 1`] = `
.c0 {
  font-family: -apple-system, BlinkMacSystemFont, "Segoe UI", Roboto, Oxygen, Ubuntu, Cantarell, "Fira Sans", "Droid Sans", "Helvetica Neue", Arial,sans-serif, "Apple Color Emoji", "Segoe UI Emoji", "Segoe UI Symbol";
  font-size: 18px;
  line-height: 24px;
  background-color: #ffffff;
  color: #444444;
  box-sizing: border-box;
  -webkit-text-size-adjust: 100%;
  -ms-text-size-adjust: 100%;
  -moz-osx-font-smoothing: grayscale;
  -webkit-font-smoothing: antialiased;
}

<div
  className="c0"
/>
`;

exports[`Grommet hpe theme 1`] = `
.c0 {
  font-family: 'Metric',Arial,sans-serif;
  font-size: 18px;
  line-height: 24px;
  background-color: #FFFFFF;
  color: #444444;
  box-sizing: border-box;
  -webkit-text-size-adjust: 100%;
  -ms-text-size-adjust: 100%;
  -moz-osx-font-smoothing: grayscale;
  -webkit-font-smoothing: antialiased;
}

<div
  className="c0"
>
  Grommet App
</div>
`;

exports[`Grommet ssr rendering Mozilla/5.0 (X11; Linux x 1`] = `
.c0 {
  font-size: 18px;
  line-height: 24px;
  box-sizing: border-box;
  -webkit-text-size-adjust: 100%;
  -ms-text-size-adjust: 100%;
  -moz-osx-font-smoothing: grayscale;
  -webkit-font-smoothing: antialiased;
}

.c1 {
  font-size: 50px;
  line-height: 56px;
  max-width: 1200px;
  font-weight: 600;
}

@media only screen and (max-width:600px) {
  .c1 {
    font-size: 34px;
    line-height: 40px;
    max-width: 816px;
  }
}

<div
  className="c0"
>
  <h1
    className="c1"
  >
    Received size large for Mozilla/5.0 (X11; Linux x86_64) AppleWebKit/537.36 (KHTML, like Gecko) Chrome/44.0.2403.157 Safari/537.36
  </h1>
</div>
`;

exports[`Grommet ssr rendering Mozilla/5.0 (iPad; CPU OS 1`] = `
.c0 {
  font-size: 18px;
  line-height: 24px;
  box-sizing: border-box;
  -webkit-text-size-adjust: 100%;
  -ms-text-size-adjust: 100%;
  -moz-osx-font-smoothing: grayscale;
  -webkit-font-smoothing: antialiased;
}

.c1 {
  font-size: 50px;
  line-height: 56px;
  max-width: 1200px;
  font-weight: 600;
}

@media only screen and (max-width:600px) {
  .c1 {
    font-size: 34px;
    line-height: 40px;
    max-width: 816px;
  }
}

<div
  className="c0"
>
  <h1
    className="c1"
  >
    Received size medium for Mozilla/5.0 (iPad; CPU OS 11_2_1 like Mac OS X) AppleWebKit/604.4.7 (KHTML, like Gecko) Mobile/15C153 [FBAN/FBIOS;FBAV/156.0.0.41.97;FBBV/89172188;FBDV/iPad5,3;FBMD/iPad;FBSN/iOS;FBSV/11.2.1;FBSS/2;FBCR/;FBID/tablet;FBLC/en_GB;FBOP/5;FBRV/0]
  </h1>
</div>
`;

exports[`Grommet ssr rendering Mozilla/5.0 (iPhone; CPU  1`] = `
.c0 {
  font-size: 18px;
  line-height: 24px;
  box-sizing: border-box;
  -webkit-text-size-adjust: 100%;
  -ms-text-size-adjust: 100%;
  -moz-osx-font-smoothing: grayscale;
  -webkit-font-smoothing: antialiased;
}

.c1 {
  font-size: 50px;
  line-height: 56px;
  max-width: 1200px;
  font-weight: 600;
}

@media only screen and (max-width:600px) {
  .c1 {
    font-size: 34px;
    line-height: 40px;
    max-width: 816px;
  }
}

<div
  className="c0"
>
  <h1
    className="c1"
  >
    Received size small for Mozilla/5.0 (iPhone; CPU iPhone OS 9_0_2 like Mac OS X) AppleWebKit/601.1.46 (KHTML, like Gecko) Version/9.0 Mobile/13A452 Safari/601.1 PTST/396
  </h1>
</div>
`;

exports[`Grommet themeMode 1`] = `
.c0 {
  font-family: -apple-system, BlinkMacSystemFont, "Segoe UI", Roboto, Oxygen, Ubuntu, Cantarell, "Fira Sans", "Droid Sans", "Helvetica Neue", Arial,sans-serif, "Apple Color Emoji", "Segoe UI Emoji", "Segoe UI Symbol";
  font-size: 18px;
  line-height: 24px;
  background-color: #000000;
  color: #f8f8f8;
  box-sizing: border-box;
  -webkit-text-size-adjust: 100%;
  -ms-text-size-adjust: 100%;
  -moz-osx-font-smoothing: grayscale;
  -webkit-font-smoothing: antialiased;
}

<div
  className="c0"
/>
`;
